
find ROOT/ -name "*.sh" -exec chmod +x {} \;

chmod +x /opt/instance-tools/bin/*.sh /opt/supervisor-scripts/*.sh
/opt/instance-tools/bin/entrypoint.sh

RUN chmod +x /opt/instance-tools/bin/*.sh /opt/supervisor-scripts/*.sh

docker build -t freedomkwok/cuda_12_1_py311_ray_proxy:3.0.0  -f cuda_12_1_py311_ray_proxy_Dockerfile .
docker build -t freedomkwok/cuda_12_1_py310_ray_proxy:3.0.0  -f cuda_12_1_py310_ray_proxy_Dockerfile .
docker build --no-cache -t freedomkwok/cuda_12_1_py311_ray_proxy:3.0.0  -f cuda_12_1_py311_ray_proxy_Dockerfile .

docker buildx build --load --platform linux/amd64 -t freedomkwok/cuda_12_1_py310_ray_proxy:3.0.0  -f cuda_12_1_py310_ray_proxy_Dockerfile .

ls -la /var/log/portal/
ps aux | grep supervisor
supervisorctl status


cat /var/log/portal/caddy.log
cat /etc/portal.yaml
cat /etc/Caddyfile

edit/opt/portal-aio/caddy_manager/caddy_config_manager.py

/opt/portal-aio/venv/bin/python /opt/portal-aio/caddy_manager/caddy_config_manager.py 2>&1 | tee -a /var/log/portal/caddy2.log
chmod -R +x ROOT/opt/instance-tools/bin/


PROXY_NODE_IP_ADDRESS=136.60.217.200 \
PROXY_NODE_MANAGER_PORT=18404 \
PROXY_OBJECT_MANAGER_PORT=18469 \
INTERNAL_PORTS=10000,10002,10003,10004,10005,10006,10007,10008,10009,10010,10011,10012,10013,10014 \
EXTERNAL_PORTS=18465,18555,18519,18518,18664,18595,18565,18495,18594,18564,18402,18458,18412,18478 \
ray start --address="73.241.137.103:41194" --node-ip-address=172.17.0.3 \
--node-manager-port="6379" --object-manager-port="8081" --worker-port-list='10000,10002,10003,10004,10005,10006,10007,10008,10009,10010,10011,10012,10013,10014'


docker build -t  freedomkwok/openrl-vastai:0.0.4  -f VastAIFull.Dockerfile .